#Q#CREATE TABLE SMALLDATETIME_dt (a SMALLDATETIME)
#Q# INSERT INTO SMALLDATETIME_dt(a) values(@a) 
#Q# INSERT INTO SMALLDATETIME_dt(a) values(@a) 
#Q# INSERT INTO SMALLDATETIME_dt(a) values(@a) 
#Q# INSERT INTO SMALLDATETIME_dt(a) values(@a) 
#Q# INSERT INTO SMALLDATETIME_dt(a) values(@a) 
#Q# INSERT INTO SMALLDATETIME_dt(a) values(@a) 
#Q# INSERT INTO SMALLDATETIME_dt(a) values(@a) 
#Q# INSERT INTO SMALLDATETIME_dt(a) values(@a) 
#Q# INSERT INTO SMALLDATETIME_dt(a) values(@a) 
#Q# INSERT INTO SMALLDATETIME_dt(a) values(@a) 
#Q# INSERT INTO SMALLDATETIME_dt(a) values(@a) 
#Q# INSERT INTO SMALLDATETIME_dt(a) values(@a) 
#Q# INSERT INTO SMALLDATETIME_dt(a) values(@a) 
#Q# INSERT INTO SMALLDATETIME_dt(a) values(@a) 
#Q# INSERT INTO SMALLDATETIME_dt(a) values(@a) 
#Q# INSERT INTO SMALLDATETIME_dt(a) values(@a) 
#Q#SELECT * FROM SMALLDATETIME_dt;
#D#smalldatetime
12/13/2000 12:58:00
05/08/2007 12:35:00
05/08/2007 12:36:00
05/08/2007 13:00:00
02/29/2000 00:00:00
03/01/1900 00:00:00
02/28/2000 23:46:00
02/28/2000 23:46:00
02/28/2000 23:45:00
02/28/1900 23:46:00
02/28/1900 23:45:00
12/13/2000 12:59:00
02/28/2000 23:45:00
01/01/1900 00:00:00
06/06/2079 23:59:00

#Q#INSERT INTO SMALLDATETIME_dt(a) values('2000-12-13 12:58:23');
#Q#INSERT INTO SMALLDATETIME_dt(a) values('2007-05-08 12:35:29');
#Q#INSERT INTO SMALLDATETIME_dt(a) values('2007-05-08 12:35:30');
#Q#INSERT INTO SMALLDATETIME_dt(a) values('2007-05-08 12:59:59.998');
#Q#INSERT INTO SMALLDATETIME_dt(a) values('2000-02-28 23:59:59.999');
#Q#INSERT INTO SMALLDATETIME_dt(a) values('1900-02-28 23:59:59.999');
#Q#INSERT INTO SMALLDATETIME_dt(a) values('2000-02-28 23:45:29.999');
#Q#INSERT INTO SMALLDATETIME_dt(a) values('2000-02-28 23:45:30');
#Q#INSERT INTO SMALLDATETIME_dt(a) values('2000-02-28 23:45:29');
#Q#INSERT INTO SMALLDATETIME_dt(a) values('1900-02-28 23:45:29');
#Q#INSERT INTO SMALLDATETIME_dt(a) values('1900-12-13 12:58:30');
#Q#INSERT INTO SMALLDATETIME_dt(a) values('2000-02-28 23:45:29.998');
#Q#INSERT INTO SMALLDATETIME_dt(a) values('1900-01-01 00:00:00');
#Q#INSERT INTO SMALLDATETIME_dt(a) values('2079-06-06 23:59:29');
#Q#INSERT INTO SMALLDATETIME_dt(a) values(NULL);
#Q#SELECT * FROM SMALLDATETIME_dt;
#D#smalldatetime
12/13/2000 12:58:00
05/08/2007 12:35:00
05/08/2007 12:36:00
05/08/2007 13:00:00
02/29/2000 00:00:00
03/01/1900 00:00:00
02/28/2000 23:46:00
02/28/2000 23:46:00
02/28/2000 23:45:00
02/28/1900 23:46:00
02/28/1900 23:45:00
12/13/2000 12:59:00
02/28/2000 23:45:00
01/01/1900 00:00:00
06/06/2079 23:59:00

12/13/2000 12:58:00
05/08/2007 12:35:00
05/08/2007 12:36:00
05/08/2007 13:00:00
02/29/2000 00:00:00
03/01/1900 00:00:00
02/28/2000 23:46:00
02/28/2000 23:46:00
02/28/2000 23:45:00
02/28/1900 23:45:00
12/13/1900 12:59:00
02/28/2000 23:45:00
01/01/1900 00:00:00
06/06/2079 23:59:00

#Q#DROP TABLE SMALLDATETIME_dt;
