SELECT DISTINCT hostname FROM sys.sysprocesses WHERE spid = @@SPID
GO
~~START~~
text
<NULL>
~~END~~

