-- drop table/view/function/procedure
drop table test_log
go

drop view BABEL_730_LOG_VIEW
go

drop view BABEL_730_BBF_LOG_VIEW
go

drop function TestLogFunction
go

drop function TestLog10Function
go

drop function TestLogFunctionWithBase
go

drop procedure TestLogProcedure
go

drop procedure TestLog10Procedure
go

drop procedure TestLogProcedureWithBase
go

drop function TestBBF_LogFunction
go

drop function TestBBF_Log10Function
go

drop function TestBBF_LogFunctionWithBase
go

drop procedure TestBBF_LogProcedure
go

drop procedure TestBBF_Log10Procedure
go

drop procedure TestBBF_LogProcedureWithBase
go
