USE MASTER
GO

drop table babel_1715_vu_prepare_t1;
go
drop table babel_1715_vu_prepare_t2;
go
drop table cx_babel_1715_vu_prepare;
go
