drop trigger babel_1189_vu_prepare_trig;
drop table babel_1189_vu_prepare_t1;
drop table babel_1189_vu_prepare_t2;
go


