-- tsql
DROP TABLE [dbo].[alter_table_check_constraint]
GO

DROP TABLE check_constraint
GO

DROP TABLE create_check_constraint
GO

-- psql
DROP TABLE tbl_creation_should_succeed;
GO
