DROP VIEW IF EXISTS check_for_inconsistent_metadata_vu_prepare_view
GO

DROP PROCEDURE IF EXISTS check_for_inconsistent_metadata_vu_prepare_proc
GO

DROP FUNCTION IF EXISTS check_for_inconsistent_metadata_vu_prepare_func
GO

DROP TABLE IF EXISTS check_for_inconsistent_metadata_table
GO
