SELECT HAS_DBACCESS('master');
GO
~~START~~
int
1
~~END~~


SELECT HAS_DBACCESS('does_not_exist');
GO
~~START~~
int
<NULL>
~~END~~


CREATE DATABASE TestDb;
GO
SELECT HAS_DBACCESS('TestDb');
GO
~~START~~
int
1
~~END~~


SELECT HAS_DBACCESS('TestDb   ');
GO
~~START~~
int
1
~~END~~


SELECT HAS_DBACCESS('   TestDb');
GO
~~START~~
int
<NULL>
~~END~~


DROP DATABASE TestDb;
GO
SELECT HAS_DBACCESS('TestDb');
GO
~~START~~
int
<NULL>
~~END~~


SELECT HAS_DBACCESS('babelfish_db');
GO
~~START~~
int
<NULL>
~~END~~

-- With COLLATION BBF_Unicode_CP1_CI_AI 
CREATE DATABASE TestDb COLLATE BBF_Unicode_CP1_CI_AI;
GO
SELECT HAS_DBACCESS('TestDb');
GO
~~START~~
int
1
~~END~~


SELECT HAS_DBACCESS('TestDb   ');
GO
~~START~~
int
1
~~END~~


SELECT HAS_DBACCESS('   TestDb');
GO
~~START~~
int
<NULL>
~~END~~


DROP DATABASE TestDb;
GO
SELECT HAS_DBACCESS('TestDb');
GO
~~START~~
int
<NULL>
~~END~~

