SELECT 
name,
parameter_id,
max_length,
precision,
scale,
is_output,
is_cursor_ref,
has_default_value,
default_value,
xml_collection_id,
is_readonly,
is_nullable,
encryption_type,
encryption_type_desc,
encryption_algorithm_name,
column_encryption_key_id,
column_encryption_key_database_name
FROM sys.all_parameters WHERE object_id = OBJECT_ID('sys_all_parameters_vu_prepare_addTwo')
ORDER BY parameter_id
GO
~~START~~
varchar#!#int#!#smallint#!#tinyint#!#tinyint#!#bit#!#bit#!#bit#!#sql_variant#!#int#!#bit#!#bit#!#int#!#nvarchar#!#varchar#!#int#!#varchar
@num1#!#1#!#4#!#10#!#0#!#0#!#0#!#0#!#<NULL>#!#0#!#0#!#1#!#<NULL>#!#<NULL>#!#<NULL>#!#<NULL>#!#<NULL>
@num2#!#2#!#4#!#10#!#0#!#0#!#0#!#0#!#<NULL>#!#0#!#0#!#1#!#<NULL>#!#<NULL>#!#<NULL>#!#<NULL>#!#<NULL>
~~END~~


SELECT
name,
parameter_id,
max_length,
precision,
scale,
is_output,
is_cursor_ref,
has_default_value,
default_value,
xml_collection_id,
is_readonly,
is_nullable,
encryption_type,
encryption_type_desc,
encryption_algorithm_name,
column_encryption_key_id,
column_encryption_key_database_name
FROM sys.all_parameters WHERE object_id = OBJECT_ID('sys_all_parameters_vu_prepare_complexProc')
ORDER BY parameter_id
GO
~~START~~
varchar#!#int#!#smallint#!#tinyint#!#tinyint#!#bit#!#bit#!#bit#!#sql_variant#!#int#!#bit#!#bit#!#int#!#nvarchar#!#varchar#!#int#!#varchar
@dec#!#1#!#13#!#23#!#3#!#0#!#0#!#0#!#<NULL>#!#0#!#0#!#1#!#<NULL>#!#<NULL>#!#<NULL>#!#<NULL>#!#<NULL>
@num#!#2#!#13#!#22#!#8#!#0#!#0#!#0#!#<NULL>#!#0#!#0#!#1#!#<NULL>#!#<NULL>#!#<NULL>#!#<NULL>#!#<NULL>
@var#!#3#!#30#!#0#!#0#!#0#!#0#!#0#!#<NULL>#!#0#!#0#!#1#!#<NULL>#!#<NULL>#!#<NULL>#!#<NULL>#!#<NULL>
@nvar#!#4#!#10#!#0#!#0#!#0#!#0#!#0#!#<NULL>#!#0#!#0#!#1#!#<NULL>#!#<NULL>#!#<NULL>#!#<NULL>#!#<NULL>
@varmax#!#5#!#-1#!#0#!#0#!#0#!#0#!#0#!#<NULL>#!#0#!#0#!#1#!#<NULL>#!#<NULL>#!#<NULL>#!#<NULL>#!#<NULL>
@nvarmax#!#6#!#-1#!#0#!#0#!#0#!#0#!#0#!#<NULL>#!#0#!#0#!#1#!#<NULL>#!#<NULL>#!#<NULL>#!#<NULL>#!#<NULL>
~~END~~


SELECT
name,
parameter_id,
max_length,
precision,
scale,
is_output,
is_cursor_ref,
has_default_value,
default_value,
xml_collection_id,
is_readonly,
is_nullable,
encryption_type,
encryption_type_desc,
encryption_algorithm_name,
column_encryption_key_id,
column_encryption_key_database_name
FROM sys.all_parameters WHERE object_id = OBJECT_ID('sys.sp_sproc_columns')
ORDER BY parameter_id
GO
~~START~~
varchar#!#int#!#smallint#!#tinyint#!#tinyint#!#bit#!#bit#!#bit#!#sql_variant#!#int#!#bit#!#bit#!#int#!#nvarchar#!#varchar#!#int#!#varchar
@procedure_name#!#1#!#780#!#0#!#0#!#0#!#0#!#0#!#<NULL>#!#0#!#0#!#1#!#<NULL>#!#<NULL>#!#<NULL>#!#<NULL>#!#<NULL>
@procedure_owner#!#2#!#768#!#0#!#0#!#0#!#0#!#0#!#<NULL>#!#0#!#0#!#1#!#<NULL>#!#<NULL>#!#<NULL>#!#<NULL>#!#<NULL>
@procedure_qualifier#!#3#!#256#!#0#!#0#!#0#!#0#!#0#!#<NULL>#!#0#!#0#!#1#!#<NULL>#!#<NULL>#!#<NULL>#!#<NULL>#!#<NULL>
@column_name#!#4#!#768#!#0#!#0#!#0#!#0#!#0#!#<NULL>#!#0#!#0#!#1#!#<NULL>#!#<NULL>#!#<NULL>#!#<NULL>#!#<NULL>
@odbcver#!#5#!#4#!#10#!#0#!#0#!#0#!#0#!#<NULL>#!#0#!#0#!#1#!#<NULL>#!#<NULL>#!#<NULL>#!#<NULL>#!#<NULL>
@fusepattern#!#6#!#1#!#1#!#0#!#0#!#0#!#0#!#<NULL>#!#0#!#0#!#1#!#<NULL>#!#<NULL>#!#<NULL>#!#<NULL>#!#<NULL>
~~END~~


SELECT
name,
parameter_id,
max_length,
precision,
scale,
is_output,
is_cursor_ref,
has_default_value,
default_value,
xml_collection_id,
is_readonly,
is_nullable,
encryption_type,
encryption_type_desc,
encryption_algorithm_name,
column_encryption_key_id,
column_encryption_key_database_name
FROM sys.all_parameters WHERE object_id = OBJECT_ID('sys_all_parameters_vu_prepare_scalFunc')
ORDER BY parameter_id
GO
~~START~~
varchar#!#int#!#smallint#!#tinyint#!#tinyint#!#bit#!#bit#!#bit#!#sql_variant#!#int#!#bit#!#bit#!#int#!#nvarchar#!#varchar#!#int#!#varchar
#!#0#!#4#!#10#!#0#!#1#!#0#!#0#!#<NULL>#!#0#!#0#!#1#!#<NULL>#!#<NULL>#!#<NULL>#!#<NULL>#!#<NULL>
@a#!#1#!#4#!#10#!#0#!#0#!#0#!#0#!#<NULL>#!#0#!#0#!#1#!#<NULL>#!#<NULL>#!#<NULL>#!#<NULL>#!#<NULL>
~~END~~


SELECT 
name,
parameter_id,
max_length,
precision,
scale,
is_output,
is_cursor_ref,
has_default_value,
default_value,
xml_collection_id,
is_readonly,
is_nullable,
encryption_type,
encryption_type_desc,
encryption_algorithm_name,
column_encryption_key_id,
column_encryption_key_database_name
FROM sys.all_parameters WHERE object_id = OBJECT_ID('sys_all_parameters_vu_prepare_tableFunc')
ORDER BY parameter_id
GO
~~START~~
varchar#!#int#!#smallint#!#tinyint#!#tinyint#!#bit#!#bit#!#bit#!#sql_variant#!#int#!#bit#!#bit#!#int#!#nvarchar#!#varchar#!#int#!#varchar
@c1#!#1#!#4#!#10#!#0#!#0#!#0#!#0#!#<NULL>#!#0#!#0#!#1#!#<NULL>#!#<NULL>#!#<NULL>#!#<NULL>#!#<NULL>
@c2#!#2#!#4#!#10#!#0#!#0#!#0#!#0#!#<NULL>#!#0#!#0#!#1#!#<NULL>#!#<NULL>#!#<NULL>#!#<NULL>#!#<NULL>
~~END~~


SELECT 
name,
parameter_id,
max_length,
precision,
scale,
is_output,
is_cursor_ref,
has_default_value,
default_value,
xml_collection_id,
is_readonly,
is_nullable,
encryption_type,
encryption_type_desc,
encryption_algorithm_name,
column_encryption_key_id,
column_encryption_key_database_name
FROM sys.all_parameters WHERE object_id = OBJECT_ID('sys_all_parameters_vu_prepare_tvpProc')
ORDER BY parameter_id
GO
~~START~~
varchar#!#int#!#smallint#!#tinyint#!#tinyint#!#bit#!#bit#!#bit#!#sql_variant#!#int#!#bit#!#bit#!#int#!#nvarchar#!#varchar#!#int#!#varchar
@tvp#!#1#!#-1#!#0#!#0#!#0#!#0#!#0#!#<NULL>#!#0#!#0#!#1#!#<NULL>#!#<NULL>#!#<NULL>#!#<NULL>#!#<NULL>
~~END~~


SELECT 
name,
parameter_id,
max_length,
precision,
scale,
is_output,
is_cursor_ref,
has_default_value,
default_value,
xml_collection_id,
is_readonly,
is_nullable,
encryption_type,
encryption_type_desc,
encryption_algorithm_name,
column_encryption_key_id,
column_encryption_key_database_name
FROM sys.all_parameters WHERE object_id = OBJECT_ID('sys_all_parameters_vu_prepare_myDecFunc')
ORDER BY parameter_id
GO
~~START~~
varchar#!#int#!#smallint#!#tinyint#!#tinyint#!#bit#!#bit#!#bit#!#sql_variant#!#int#!#bit#!#bit#!#int#!#nvarchar#!#varchar#!#int#!#varchar
#!#0#!#13#!#23#!#5#!#1#!#0#!#0#!#<NULL>#!#0#!#0#!#1#!#<NULL>#!#<NULL>#!#<NULL>#!#<NULL>#!#<NULL>
@a#!#1#!#13#!#23#!#5#!#0#!#0#!#0#!#<NULL>#!#0#!#0#!#1#!#<NULL>#!#<NULL>#!#<NULL>#!#<NULL>#!#<NULL>
~~END~~


SELECT 
name,
parameter_id,
max_length,
precision,
scale,
is_output,
is_cursor_ref,
has_default_value,
default_value,
xml_collection_id,
is_readonly,
is_nullable,
encryption_type,
encryption_type_desc,
encryption_algorithm_name,
column_encryption_key_id,
column_encryption_key_database_name
FROM sys.all_parameters WHERE object_id = OBJECT_ID('sys_all_parameters_vu_prepare_typeModifier')
ORDER BY parameter_id
GO
~~START~~
varchar#!#int#!#smallint#!#tinyint#!#tinyint#!#bit#!#bit#!#bit#!#sql_variant#!#int#!#bit#!#bit#!#int#!#nvarchar#!#varchar#!#int#!#varchar
@var4000#!#1#!#8000#!#0#!#0#!#0#!#0#!#0#!#<NULL>#!#0#!#0#!#1#!#<NULL>#!#<NULL>#!#<NULL>#!#<NULL>#!#<NULL>
@varmax#!#2#!#-1#!#0#!#0#!#0#!#0#!#0#!#<NULL>#!#0#!#0#!#1#!#<NULL>#!#<NULL>#!#<NULL>#!#<NULL>#!#<NULL>
@nvar4000#!#3#!#8000#!#0#!#0#!#0#!#0#!#0#!#<NULL>#!#0#!#0#!#1#!#<NULL>#!#<NULL>#!#<NULL>#!#<NULL>#!#<NULL>
@nvarmax#!#4#!#-1#!#0#!#0#!#0#!#0#!#0#!#<NULL>#!#0#!#0#!#1#!#<NULL>#!#<NULL>#!#<NULL>#!#<NULL>#!#<NULL>
@char#!#5#!#8000#!#0#!#0#!#0#!#0#!#0#!#<NULL>#!#0#!#0#!#1#!#<NULL>#!#<NULL>#!#<NULL>#!#<NULL>#!#<NULL>
@nchar#!#6#!#8000#!#0#!#0#!#0#!#0#!#0#!#<NULL>#!#0#!#0#!#1#!#<NULL>#!#<NULL>#!#<NULL>#!#<NULL>#!#<NULL>
@binary#!#7#!#8000#!#0#!#0#!#0#!#0#!#0#!#<NULL>#!#0#!#0#!#1#!#<NULL>#!#<NULL>#!#<NULL>#!#<NULL>#!#<NULL>
@varbinary#!#8#!#8000#!#0#!#0#!#0#!#0#!#0#!#<NULL>#!#0#!#0#!#1#!#<NULL>#!#<NULL>#!#<NULL>#!#<NULL>#!#<NULL>
@varbinarymax#!#9#!#-1#!#0#!#0#!#0#!#0#!#0#!#<NULL>#!#0#!#0#!#1#!#<NULL>#!#<NULL>#!#<NULL>#!#<NULL>#!#<NULL>
@sysname#!#10#!#256#!#0#!#0#!#0#!#0#!#0#!#<NULL>#!#0#!#0#!#1#!#<NULL>#!#<NULL>#!#<NULL>#!#<NULL>#!#<NULL>
~~END~~


SELECT 
name,
parameter_id,
max_length,
precision,
scale,
is_output,
is_cursor_ref,
has_default_value,
default_value,
xml_collection_id,
is_readonly,
is_nullable,
encryption_type,
encryption_type_desc,
encryption_algorithm_name,
column_encryption_key_id,
column_encryption_key_database_name
FROM sys.all_parameters WHERE object_id = OBJECT_ID('sys_all_parameters_vu_prepare_DataTypeExamples')
ORDER BY parameter_id
GO
~~START~~
varchar#!#int#!#smallint#!#tinyint#!#tinyint#!#bit#!#bit#!#bit#!#sql_variant#!#int#!#bit#!#bit#!#int#!#nvarchar#!#varchar#!#int#!#varchar
@dt_bigint#!#1#!#8#!#19#!#0#!#0#!#0#!#0#!#<NULL>#!#0#!#0#!#1#!#<NULL>#!#<NULL>#!#<NULL>#!#<NULL>#!#<NULL>
@dt_binary_9#!#2#!#9#!#0#!#0#!#0#!#0#!#0#!#<NULL>#!#0#!#0#!#1#!#<NULL>#!#<NULL>#!#<NULL>#!#<NULL>#!#<NULL>
@dt_bit#!#3#!#1#!#1#!#0#!#0#!#0#!#0#!#<NULL>#!#0#!#0#!#1#!#<NULL>#!#<NULL>#!#<NULL>#!#<NULL>#!#<NULL>
@dt_char_42#!#4#!#42#!#0#!#0#!#0#!#0#!#0#!#<NULL>#!#0#!#0#!#1#!#<NULL>#!#<NULL>#!#<NULL>#!#<NULL>#!#<NULL>
@dt_date#!#5#!#3#!#10#!#0#!#1#!#0#!#0#!#<NULL>#!#0#!#0#!#1#!#<NULL>#!#<NULL>#!#<NULL>#!#<NULL>#!#<NULL>
@dt_datetime#!#6#!#8#!#23#!#3#!#0#!#0#!#0#!#<NULL>#!#0#!#0#!#1#!#<NULL>#!#<NULL>#!#<NULL>#!#<NULL>#!#<NULL>
@dt_datetime2_5#!#7#!#8#!#25#!#5#!#0#!#0#!#0#!#<NULL>#!#0#!#0#!#1#!#<NULL>#!#<NULL>#!#<NULL>#!#<NULL>#!#<NULL>
@dt_datetimeoffset_3#!#8#!#9#!#30#!#3#!#0#!#0#!#0#!#<NULL>#!#0#!#0#!#1#!#<NULL>#!#<NULL>#!#<NULL>#!#<NULL>#!#<NULL>
@dt_decimal10_3#!#9#!#9#!#10#!#3#!#0#!#0#!#0#!#<NULL>#!#0#!#0#!#1#!#<NULL>#!#<NULL>#!#<NULL>#!#<NULL>#!#<NULL>
@dt_float#!#10#!#8#!#53#!#0#!#0#!#0#!#0#!#<NULL>#!#0#!#0#!#1#!#<NULL>#!#<NULL>#!#<NULL>#!#<NULL>#!#<NULL>
@dt_image#!#11#!#16#!#0#!#0#!#0#!#0#!#0#!#<NULL>#!#0#!#0#!#1#!#<NULL>#!#<NULL>#!#<NULL>#!#<NULL>#!#<NULL>
@dt_int#!#12#!#4#!#10#!#0#!#0#!#0#!#0#!#<NULL>#!#0#!#0#!#1#!#<NULL>#!#<NULL>#!#<NULL>#!#<NULL>#!#<NULL>
@dt_money#!#13#!#8#!#19#!#4#!#0#!#0#!#0#!#<NULL>#!#0#!#0#!#1#!#<NULL>#!#<NULL>#!#<NULL>#!#<NULL>#!#<NULL>
@dt_nchar_10#!#14#!#20#!#0#!#0#!#0#!#0#!#0#!#<NULL>#!#0#!#0#!#1#!#<NULL>#!#<NULL>#!#<NULL>#!#<NULL>#!#<NULL>
@dt_ntext#!#15#!#16#!#0#!#0#!#0#!#0#!#0#!#<NULL>#!#0#!#0#!#1#!#<NULL>#!#<NULL>#!#<NULL>#!#<NULL>#!#<NULL>
@dt_time_4#!#16#!#4#!#13#!#4#!#0#!#0#!#0#!#<NULL>#!#0#!#0#!#1#!#<NULL>#!#<NULL>#!#<NULL>#!#<NULL>#!#<NULL>
@dt_tinyint#!#17#!#1#!#3#!#0#!#0#!#0#!#0#!#<NULL>#!#0#!#0#!#1#!#<NULL>#!#<NULL>#!#<NULL>#!#<NULL>#!#<NULL>
@dt_uniqueidentifier#!#18#!#16#!#0#!#0#!#0#!#0#!#0#!#<NULL>#!#0#!#0#!#1#!#<NULL>#!#<NULL>#!#<NULL>#!#<NULL>#!#<NULL>
@dt_varbinary_max#!#19#!#-1#!#0#!#0#!#0#!#0#!#0#!#<NULL>#!#0#!#0#!#1#!#<NULL>#!#<NULL>#!#<NULL>#!#<NULL>#!#<NULL>
@dt_varchar_128#!#20#!#128#!#0#!#0#!#0#!#0#!#0#!#<NULL>#!#0#!#0#!#1#!#<NULL>#!#<NULL>#!#<NULL>#!#<NULL>#!#<NULL>
@dt_smalldatetime#!#21#!#4#!#16#!#0#!#0#!#0#!#0#!#<NULL>#!#0#!#0#!#1#!#<NULL>#!#<NULL>#!#<NULL>#!#<NULL>#!#<NULL>
@dt_smallint#!#22#!#2#!#5#!#0#!#0#!#0#!#0#!#<NULL>#!#0#!#0#!#1#!#<NULL>#!#<NULL>#!#<NULL>#!#<NULL>#!#<NULL>
@dt_smallmoney#!#23#!#4#!#10#!#4#!#0#!#0#!#0#!#<NULL>#!#0#!#0#!#1#!#<NULL>#!#<NULL>#!#<NULL>#!#<NULL>#!#<NULL>
@dt_sql_variant#!#24#!#8016#!#0#!#0#!#0#!#0#!#0#!#<NULL>#!#0#!#0#!#1#!#<NULL>#!#<NULL>#!#<NULL>#!#<NULL>#!#<NULL>
@dt_xml#!#25#!#-1#!#0#!#0#!#0#!#0#!#0#!#<NULL>#!#0#!#0#!#1#!#<NULL>#!#<NULL>#!#<NULL>#!#<NULL>#!#<NULL>
~~END~~



-- dependant objects for upgrade tests
SELECT * FROM sys_all_parameters_vu_prepare_upgrade_view
GO
~~START~~
varchar#!#int#!#smallint#!#tinyint#!#tinyint#!#bit#!#bit#!#bit#!#sql_variant#!#int#!#bit#!#bit#!#int#!#nvarchar#!#varchar#!#int#!#varchar
@num1#!#1#!#4#!#10#!#0#!#0#!#0#!#0#!#<NULL>#!#0#!#0#!#1#!#<NULL>#!#<NULL>#!#<NULL>#!#<NULL>#!#<NULL>
~~END~~


EXEC sys_all_parameters_vu_prepare_upgrade_proc
GO
~~START~~
varchar#!#int#!#smallint#!#tinyint#!#tinyint#!#bit#!#bit#!#bit#!#sql_variant#!#int#!#bit#!#bit#!#int#!#nvarchar#!#varchar#!#int#!#varchar
@num1#!#1#!#4#!#10#!#0#!#0#!#0#!#0#!#<NULL>#!#0#!#0#!#1#!#<NULL>#!#<NULL>#!#<NULL>#!#<NULL>#!#<NULL>
~~END~~


SELECT sys_all_parameters_vu_prepare_upgrade_func()
GO
~~START~~
int
1
~~END~~


