SELECT * FROM sys.registered_search_property_lists;
GO
~~START~~
int#!#varchar#!#datetime#!#datetime#!#int
~~END~~

