DROP PROCEDURE test_identity_vu_prepare_p1
GO

DROP FUNCTION test_identity_vu_prepare_func1
GO

DROP TRIGGER test_indentity_vu_prepare_trig1
GO

DROP FUNCTION test_identity_vu_prepare_func2
GO

DROP FUNCTION test_identity_vu_prepare_func3
GO

DROP FUNCTION test_identity_vu_prepare_func4
GO

DROP PROCEDURE test_identity_vu_prepare_p2
GO

DROP PROCEDURE test_identity_vu_prepare_p3
GO

DROP PROCEDURE test_identity_vu_prepare_p4
GO

DROP PROCEDURE test_identity_vu_prepare_p5
GO

DROP TABLE test_identity_vu_prepare_t1
GO

DROP TABLE test_identity_vu_prepare_t2
GO

DROP TABLE test_identity_vu_prepare_t3
GO

DROP TABLE test_identity_vu_prepare_t4
GO

DROP TABLE test_identity_vu_prepare_t5
GO

DROP TABLE test_identity_vu_prepare_t6
GO
