DECLARE @point geometry;
SET @point = geometry::STPointFromText('POINT(-122.34900 47.65100)', 4326);
SELECT STAsText(@point);
Go
~~START~~
text
POINT(-122.349 47.651)
~~END~~


DECLARE @point geometry;
SET @point = geometry::POINT(22.34900, -47.65100, 4326);
SELECT STAsText(@point);
Go
~~START~~
text
POINT(22.349 -47.651)
~~END~~


DECLARE @point geometry;
SET @point = geometry::STGeomFromText('POINT(-122.34900 47.65100)', 4326);
SELECT stx(@point);
SELECT sty(@point);
Go
~~START~~
float
-122.349
~~END~~

~~START~~
float
47.651
~~END~~


DECLARE @point geometry;
SET @point = geometry::POINT(22.34900, -47.65100, 4326);
SELECT stx(@point);
SELECT sty(@point);
Go
~~START~~
float
22.349
~~END~~

~~START~~
float
-47.651
~~END~~


DECLARE @point1 geometry, @point2 geometry;
SET @point1 = geometry::STPointFromText('POINT(-122.34900 47.65100)', 4326);
SET @point2 = geometry::STGeomFromText('POINT(-122.35000 47.65000)', 4326);
SELECT STDistance(@point1, @point2);
Go
~~START~~
float
0.0014142135623697993
~~END~~


SELECT * FROM TextFromGeom;
GO
~~START~~
text
POINT(47.651 -22.349)
POINT(1 2)
POINT(47.651 -22.349)
<NULL>
POINT(47.651 -22.349)
POINT(1 2)
POINT(47.651 -22.349)
~~END~~


SELECT * FROM BinaryFromGeom;
GO
~~START~~
varbinary
010100000017D9CEF753D34740D34D6210585936C0
0101000000000000000000F03F0000000000000040
010100000017D9CEF753D34740D34D6210585936C0
<NULL>
010100000017D9CEF753D34740D34D6210585936C0
0101000000000000000000F03F0000000000000040
010100000017D9CEF753D34740D34D6210585936C0
~~END~~


SELECT * FROM CoordsFromGeom;
GO
~~START~~
float#!#float
47.651#!#-22.349
1.0#!#2.0
47.651#!#-22.349
<NULL>#!#<NULL>
47.651#!#-22.349
1.0#!#2.0
47.651#!#-22.349
~~END~~


SELECT * FROM point_distances_geom;
GO
~~START~~
geometry#!#geometry#!#float
E6100000010C17D9CEF753D34740D34D6210585936C0#!#E6100000010C000000000000F03F0000000000000040#!#52.62309000809436
~~ERROR (Code: 33557097)~~

~~ERROR (Message: ST_Distance: Operation on mixed SRID geometries (Point, 4326) != (Point, 0))~~


SELECT location FROM SPATIALPOINTGEOM_dt; 
GO
~~START~~
geometry
E6100000010C17D9CEF753D34740D34D6210585936C0
E6100000010C000000000000F03F0000000000000040
00000000010C17D9CEF753D34740D34D6210585936C0
<NULL>
E6100000010C17D9CEF753D34740D34D6210585936C0
E6100000010C000000000000F03F0000000000000040
E6100000010C17D9CEF753D34740D34D6210585936C0
~~END~~


-- Create Type Test Case currently Babelfish supports it but TSQL doesn't for spatial Types, Although it doesn't break anything
-- TODO: Make it similar to T-SQL
SELECT * FROM TypeTable;
GO
~~START~~
int#!#geometry
1#!#E6100000010C000000000000F03F0000000000000040
~~END~~


DECLARE @point geography;
SET @point = geography::STGeomFromText('POINT(-122.34900 47.65100)', 4326);
SELECT STAsText(@point);
Go
~~START~~
text
POINT(-122.349 47.651)
~~END~~


DECLARE @point geography;
SET @point = geography::POINT(22.34900, -47.65100, 4326);
SELECT STAsText(@point);
Go
~~START~~
text
POINT(-47.651 22.349)
~~END~~


DECLARE @point geography;
SET @point = geography::STPointFromText('POINT(-122.34900 47.65100)', 4326);
SELECT long(@point);
SELECT lat(@point);
Go
~~START~~
float
-122.349
~~END~~

~~START~~
float
47.651
~~END~~


DECLARE @point geography;
SET @point = geography::POINT(22.34900, -47.65100, 4326);
SELECT long(@point);
SELECT lat(@point);
Go
~~START~~
float
-47.651
~~END~~

~~START~~
float
22.349
~~END~~


DECLARE @point1 geography, @point2 geography;
SET @point1 = geography::STPointFromText('POINT(-122.34900 47.65100)', 4326);
SET @point2 = geography::STGeomFromText('POINT(-122.35000 47.65000)', 4326);
SELECT STDistance(@point1, @point2);
Go
~~START~~
float
134.1864008701007
~~END~~


SELECT * FROM TextFromGeog;
GO
~~START~~
text
POINT(47.651 -22.349)
POINT(1 2)
<NULL>
POINT(47.651 -22.349)
POINT(1 2)
POINT(-22.349 47.651)
~~END~~


SELECT * FROM BinaryFromGeog;
GO
~~START~~
varbinary
010100000017D9CEF753D34740D34D6210585936C0
0101000000000000000000F03F0000000000000040
<NULL>
010100000017D9CEF753D34740D34D6210585936C0
0101000000000000000000F03F0000000000000040
0101000000D34D6210585936C017D9CEF753D34740
~~END~~


SELECT * FROM CoordsFromGeog;
GO
~~START~~
float#!#float
47.651#!#-22.349
1.0#!#2.0
<NULL>#!#<NULL>
47.651#!#-22.349
1.0#!#2.0
-22.349#!#47.651
~~END~~


SELECT * FROM TransformFromGeog;
GO
~~START~~
geography
E6100000010CD34D6210585936C017D9CEF753D34740
E6100000010C0000000000000040000000000000F03F
<NULL>
E6100000010CD34D6210585936C017D9CEF753D34740
E6100000010C0000000000000040000000000000F03F
E6100000010C17D9CEF753D34740D34D6210585936C0
~~END~~


SELECT * FROM point_distances_geog;
GO
~~START~~
geography#!#geography#!#float
E6100000010CD34D6210585936C017D9CEF753D34740#!#E6100000010C0000000000000040000000000000F03F#!#5736178.674863189
E6100000010CD34D6210585936C017D9CEF753D34740#!#E6100000010C0000000000000040000000000000F03F#!#5736178.674863189
E6100000010CD34D6210585936C017D9CEF753D34740#!#E6100000010C17D9CEF753D34740D34D6210585936C0#!#1.0424362254827898E7
E6100000010C0000000000000040000000000000F03F#!#E6100000010CD34D6210585936C017D9CEF753D34740#!#5736178.674863189
E6100000010C0000000000000040000000000000F03F#!#E6100000010CD34D6210585936C017D9CEF753D34740#!#5736178.674863189
E6100000010C0000000000000040000000000000F03F#!#E6100000010C17D9CEF753D34740D34D6210585936C0#!#5535965.307328846
E6100000010CD34D6210585936C017D9CEF753D34740#!#E6100000010C0000000000000040000000000000F03F#!#5736178.674863189
E6100000010CD34D6210585936C017D9CEF753D34740#!#E6100000010C0000000000000040000000000000F03F#!#5736178.674863189
E6100000010CD34D6210585936C017D9CEF753D34740#!#E6100000010C17D9CEF753D34740D34D6210585936C0#!#1.0424362254827898E7
E6100000010C0000000000000040000000000000F03F#!#E6100000010CD34D6210585936C017D9CEF753D34740#!#5736178.674863189
E6100000010C0000000000000040000000000000F03F#!#E6100000010CD34D6210585936C017D9CEF753D34740#!#5736178.674863189
E6100000010C0000000000000040000000000000F03F#!#E6100000010C17D9CEF753D34740D34D6210585936C0#!#5535965.307328846
E6100000010C17D9CEF753D34740D34D6210585936C0#!#E6100000010CD34D6210585936C017D9CEF753D34740#!#1.0424362254827898E7
E6100000010C17D9CEF753D34740D34D6210585936C0#!#E6100000010C0000000000000040000000000000F03F#!#5535965.307328846
E6100000010C17D9CEF753D34740D34D6210585936C0#!#E6100000010CD34D6210585936C017D9CEF753D34740#!#1.0424362254827898E7
E6100000010C17D9CEF753D34740D34D6210585936C0#!#E6100000010C0000000000000040000000000000F03F#!#5535965.307328846
~~END~~


SELECT location FROM SPATIALPOINTGEOG_dt;
GO
~~START~~
geography
E6100000010CD34D6210585936C017D9CEF753D34740
E6100000010C0000000000000040000000000000F03F
<NULL>
E6100000010CD34D6210585936C017D9CEF753D34740
E6100000010C0000000000000040000000000000F03F
E6100000010C17D9CEF753D34740D34D6210585936C0
~~END~~


SELECT * FROM SPATIALPOINT_dt;
GO
~~START~~
geometry#!#geography
E6100000010C17D9CEF753D34740D34D6210585936C0#!#<NULL>
<NULL>#!#E6100000010CD34D6210585936C017D9CEF753D34740
E6100000010C000000000000F03F0000000000000040#!#E6100000010C0000000000000040000000000000F03F
~~END~~

