CREATE TABLE testBIGINT_dt (a BIGINT)
prepst#!# INSERT INTO testBIGINT_dt(a) values(?) #!#BIGINT|-|a|-|0
~~ROW COUNT: 1~~

prepst#!#exec#!#BIGINT|-|a|-|-10
~~ROW COUNT: 1~~

prepst#!#exec#!#BIGINT|-|a|-|122100
~~ROW COUNT: 1~~

prepst#!#exec#!#BIGINT|-|a|-|0001202
~~ROW COUNT: 1~~

prepst#!#exec#!#BIGINT|-|a|-|-024112329
~~ROW COUNT: 1~~

prepst#!#exec#!#BIGINT|-|a|-|-0000000000000000002
~~ROW COUNT: 1~~

prepst#!#exec#!#BIGINT|-|a|-|0000000000000000086
~~ROW COUNT: 1~~

prepst#!#exec#!#BIGINT|-|a|-|-9223372036854775808
~~ROW COUNT: 1~~

prepst#!#exec#!#BIGINT|-|a|-|9223372036854775807
~~ROW COUNT: 1~~

prepst#!#exec#!#BIGINT|-|a|-|<NULL>
~~ROW COUNT: 1~~

INSERT INTO testBIGINT_dt(a) values(0)
~~ROW COUNT: 1~~

INSERT INTO testBIGINT_dt(a) values(-120)
~~ROW COUNT: 1~~

INSERT INTO testBIGINT_dt(a) values(00100)
~~ROW COUNT: 1~~

INSERT INTO testBIGINT_dt(a) values(-004)
~~ROW COUNT: 1~~

INSERT INTO testBIGINT_dt(a) values(-012245532534)
~~ROW COUNT: 1~~

INSERT INTO testBIGINT_dt(a) values(-0000000000000000002)
~~ROW COUNT: 1~~

INSERT INTO testBIGINT_dt(a) values(0000000000000000086)
~~ROW COUNT: 1~~

INSERT INTO testBIGINT_dt(a) values(-9223372036854775808)
~~ROW COUNT: 1~~

INSERT INTO testBIGINT_dt(a) values(9223372036854775807)
~~ROW COUNT: 1~~

INSERT INTO testBIGINT_dt(a) values(NULL)
~~ROW COUNT: 1~~

