CREATE TABLE REAL_dt (a REAL)
prepst#!# INSERT INTO REAL_dt(a) values(?) #!#REAL|-|a|-|0
~~ROW COUNT: 1~~

prepst#!#exec#!#REAL|-|a|-|1.050
~~ROW COUNT: 1~~

prepst#!#exec#!#REAL|-|a|-|01.05
~~ROW COUNT: 1~~

prepst#!#exec#!#REAL|-|a|-|0001202
~~ROW COUNT: 1~~

prepst#!#exec#!#REAL|-|a|-|-024112329
~~ROW COUNT: 1~~

prepst#!#exec#!#REAL|-|a|-|-02.5
~~ROW COUNT: 1~~

prepst#!#exec#!#REAL|-|a|-|0000000000000000086
~~ROW COUNT: 1~~

prepst#!#exec#!#REAL|-|a|-|-3.40E+38
~~ROW COUNT: 1~~

prepst#!#exec#!#REAL|-|a|-|3.40E+38
~~ROW COUNT: 1~~

prepst#!#exec#!#REAL|-|a|-|<NULL>
~~ROW COUNT: 1~~

INSERT INTO REAL_dt(a) values(0)
~~ROW COUNT: 1~~

INSERT INTO REAL_dt(a) values(1.050)
~~ROW COUNT: 1~~

INSERT INTO REAL_dt(a) values(01.05)
~~ROW COUNT: 1~~

INSERT INTO REAL_dt(a) values(-004)
~~ROW COUNT: 1~~

INSERT INTO REAL_dt(a) values(-0122455324.5)
~~ROW COUNT: 1~~

INSERT INTO REAL_dt(a) values(-000002)
~~ROW COUNT: 1~~

INSERT INTO REAL_dt(a) values(0000000000000000086)
~~ROW COUNT: 1~~

INSERT INTO REAL_dt(a) values(-3.40E+38)
~~ROW COUNT: 1~~

INSERT INTO REAL_dt(a) values(3.40E+38)
~~ROW COUNT: 1~~

INSERT INTO REAL_dt(a) values(NULL)
~~ROW COUNT: 1~~

