CREATE TABLE DATETIME_dt (a DATETIME)
prepst#!# INSERT INTO DATETIME_dt(a) values(?) #!#DATETIME|-|a|-|2000-12-13 12:58:23.123
~~ROW COUNT: 1~~

prepst#!#exec#!#DATETIME|-|a|-|2000-02-28 23:59:59.989
~~ROW COUNT: 1~~

prepst#!#exec#!#DATETIME|-|a|-|2000-02-28 23:59:59.990
~~ROW COUNT: 1~~

prepst#!#exec#!#DATETIME|-|a|-|2000-02-28 23:59:59.991
~~ROW COUNT: 1~~

prepst#!#exec#!#DATETIME|-|a|-|2000-02-28 23:59:59.992
~~ROW COUNT: 1~~

prepst#!#exec#!#DATETIME|-|a|-|2000-02-28 23:59:59.993
~~ROW COUNT: 1~~

prepst#!#exec#!#DATETIME|-|a|-|2000-02-28 23:59:59.994
~~ROW COUNT: 1~~

prepst#!#exec#!#DATETIME|-|a|-|2000-02-28 23:59:59.995
~~ROW COUNT: 1~~

prepst#!#exec#!#DATETIME|-|a|-|2000-02-28 23:59:59.996
~~ROW COUNT: 1~~

prepst#!#exec#!#DATETIME|-|a|-|2000-02-28 23:59:59.997
~~ROW COUNT: 1~~

prepst#!#exec#!#DATETIME|-|a|-|2000-02-28 23:59:59.998
~~ROW COUNT: 1~~

prepst#!#exec#!#DATETIME|-|a|-|2000-02-28 23:59:59.999
~~ROW COUNT: 1~~

prepst#!#exec#!#DATETIME|-|a|-|1900-02-28 23:59:59.989
~~ROW COUNT: 1~~

prepst#!#exec#!#DATETIME|-|a|-|1753-01-01 00:00:00.000
~~ROW COUNT: 1~~

prepst#!#exec#!#DATETIME|-|a|-|9999-12-31 23:59:59.997
~~ROW COUNT: 1~~

prepst#!#exec#!#DATETIME|-|a|-|<NULL>
~~ROW COUNT: 1~~

SELECT * FROM DATETIME_dt;
~~START~~
datetime
2000-12-13 12:58:23.123000
2000-02-28 23:59:59.990000
2000-02-28 23:59:59.990000
2000-02-28 23:59:59.990000
2000-02-28 23:59:59.993000
2000-02-28 23:59:59.993000
2000-02-28 23:59:59.993000
2000-02-28 23:59:59.997000
2000-02-28 23:59:59.997000
2000-02-28 23:59:59.997000
2000-02-28 23:59:59.997000
2000-02-29 00:00:00
1900-02-28 23:59:59.990000
1753-01-01 00:00:00
9999-12-31 23:59:59.997000
<NULL>
~~END~~

INSERT INTO DATETIME_dt(a) values('2000-12-13 12:58:23.123')
~~ROW COUNT: 1~~

INSERT INTO DATETIME_dt(a) values('1900-02-28 23:59:59.989')
~~ROW COUNT: 1~~

INSERT INTO DATETIME_dt(a) values('1900-02-28 23:59:59.990')
~~ROW COUNT: 1~~

INSERT INTO DATETIME_dt(a) values('1900-02-28 23:59:59.991')
~~ROW COUNT: 1~~

INSERT INTO DATETIME_dt(a) values('1900-02-28 23:59:59.992')
~~ROW COUNT: 1~~

INSERT INTO DATETIME_dt(a) values('1900-02-28 23:59:59.993')
~~ROW COUNT: 1~~

INSERT INTO DATETIME_dt(a) values('1900-02-28 23:59:59.994')
~~ROW COUNT: 1~~

INSERT INTO DATETIME_dt(a) values('1900-02-28 23:59:59.995')
~~ROW COUNT: 1~~

INSERT INTO DATETIME_dt(a) values('1900-02-28 23:59:59.996')
~~ROW COUNT: 1~~

INSERT INTO DATETIME_dt(a) values('1900-02-28 23:59:59.997')
~~ROW COUNT: 1~~

INSERT INTO DATETIME_dt(a) values('1900-02-28 23:59:59.998')
~~ROW COUNT: 1~~

INSERT INTO DATETIME_dt(a) values('1900-02-28 23:59:59.999')
~~ROW COUNT: 1~~

INSERT INTO DATETIME_dt(a) values('2000-02-28 23:59:59.989')
~~ROW COUNT: 1~~

INSERT INTO DATETIME_dt(a) values('1753-01-01 00:00:00.000')
~~ROW COUNT: 1~~

INSERT INTO DATETIME_dt(a) values('9999-12-31 23:59:59.997')
~~ROW COUNT: 1~~

INSERT INTO DATETIME_dt(a) values(NULL)
~~ROW COUNT: 1~~

SELECT * FROM DATETIME_dt;
~~START~~
datetime
2000-12-13 12:58:23.123000
2000-02-28 23:59:59.990000
2000-02-28 23:59:59.990000
2000-02-28 23:59:59.990000
2000-02-28 23:59:59.993000
2000-02-28 23:59:59.993000
2000-02-28 23:59:59.993000
2000-02-28 23:59:59.997000
2000-02-28 23:59:59.997000
2000-02-28 23:59:59.997000
2000-02-28 23:59:59.997000
2000-02-29 00:00:00
1900-02-28 23:59:59.990000
1753-01-01 00:00:00
9999-12-31 23:59:59.997000
<NULL>
2000-12-13 12:58:23.123000
1900-02-28 23:59:59.990000
1900-02-28 23:59:59.990000
1900-02-28 23:59:59.990000
1900-02-28 23:59:59.993000
1900-02-28 23:59:59.993000
1900-02-28 23:59:59.993000
1900-02-28 23:59:59.997000
1900-02-28 23:59:59.997000
1900-02-28 23:59:59.997000
1900-02-28 23:59:59.997000
1900-03-01 00:00:00
2000-02-28 23:59:59.990000
1753-01-01 00:00:00
9999-12-31 23:59:59.997000
<NULL>
~~END~~

DROP TABLE DATETIME_dt;
